// Jest Snapshot v1, https://goo.gl/fbAQLP

exports[`renders correctly 1`] = `
<View>
  <View
    style={Object {}}
  >
    <View
      style={
        Object {
          "marginBottom": 10,
        }
      }
    >
      <View
        style={Object {}}
      >
        <TextInput
          accessibilityLabel={null}
          allowFontScaling={true}
          onChangeText={[Function]}
          placeholder="Username"
          style={
            Object {
              "borderColor": "#cccccc",
              "borderRadius": 4,
              "borderWidth": 1,
              "color": "#000000",
              "fontSize": 17,
              "height": 36,
              "marginBottom": 5,
              "paddingHorizontal": 7,
              "paddingVertical": 7,
            }
          }
          underlineColorAndroid="transparent"
          value=""
        />
      </View>
    </View>
    <View
      style={
        Object {
          "marginBottom": 10,
        }
      }
    >
      <View
        style={Object {}}
      >
        <TextInput
          accessibilityLabel={null}
          allowFontScaling={true}
          onChangeText={[Function]}
          placeholder="Password"
          secureTextEntry={true}
          style={
            Object {
              "borderColor": "#cccccc",
              "borderRadius": 4,
              "borderWidth": 1,
              "color": "#000000",
              "fontSize": 17,
              "height": 36,
              "marginBottom": 5,
              "paddingHorizontal": 7,
              "paddingVertical": 7,
            }
          }
          underlineColorAndroid="transparent"
          value=""
        />
      </View>
    </View>
  </View>
  <View
    accessibilityRole="button"
    accessibilityStates={Array []}
    accessible={true}
    isTVSelectable={true}
    onResponderGrant={[Function]}
    onResponderMove={[Function]}
    onResponderRelease={[Function]}
    onResponderTerminate={[Function]}
    onResponderTerminationRequest={[Function]}
    onStartShouldSetResponder={[Function]}
    style={
      Object {
        "opacity": 1,
      }
    }
  >
    <View
      style={
        Array [
          Object {},
        ]
      }
    >
      <Text
        style={
          Array [
            Object {
              "color": "#007AFF",
              "fontSize": 18,
              "padding": 8,
              "textAlign": "center",
            },
          ]
        }
      >
        Sign in!
      </Text>
    </View>
  </View>
</View>
`;
